#
# There is insufficient memory for the Java Runtime Environment to continue.
# Native memory allocation (malloc) failed to allocate 1048576 bytes. Error detail: AllocateHeap
# Possible reasons:
#   The system is out of physical RAM or swap space
#   This process is running with CompressedOops enabled, and the Java Heap may be blocking the growth of the native heap
# Possible solutions:
#   Reduce memory load on the system
#   Increase physical memory or swap space
#   Check if swap backing store is full
#   Decrease Java heap size (-Xmx/-Xms)
#   Decrease number of Java threads
#   Decrease Java thread stack sizes (-Xss)
#   Set larger code cache with -XX:ReservedCodeCacheSize=
#   JVM is running with Unscaled Compressed Oops mode in which the Java heap is
#     placed in the first 4GB address space. The Java Heap base address is the
#     maximum limit for the native heap growth. Please use -XX:HeapBaseMinAddress
#     to set the Java Heap base and to place the Java Heap above 4GB virtual address.
# This output file may be truncated or incomplete.
#
#  Out of Memory Error (allocation.cpp:44), pid=9020, tid=5472
#
# JRE version: OpenJDK Runtime Environment Temurin-21.0.9+10 (21.0.9+10) (build 21.0.9+10-LTS)
# Java VM: OpenJDK 64-Bit Server VM Temurin-21.0.9+10 (21.0.9+10-LTS, mixed mode, sharing, tiered, compressed oops, compressed class ptrs, parallel gc, windows-amd64)
# No core dump will be written. Minidumps are not enabled by default on client versions of Windows
#

---------------  S U M M A R Y ------------

Command Line: --add-modules=ALL-SYSTEM --add-opens=java.base/java.util=ALL-UNNAMED --add-opens=java.base/java.lang=ALL-UNNAMED --add-opens=java.base/sun.nio.fs=ALL-UNNAMED -Declipse.application=org.eclipse.jdt.ls.core.id1 -Dosgi.bundles.defaultStartLevel=4 -Declipse.product=org.eclipse.jdt.ls.core.product -Djava.import.generatesMetadataFilesAtProjectRoot=false -DDetectVMInstallationsJob.disabled=true -Dfile.encoding=utf8 -XX:+UseParallelGC -XX:GCTimeRatio=4 -XX:AdaptiveSizePolicyWeight=90 -Dsun.zip.disableMemoryMapping=true -Xmx2G -Xms100m -Xlog:disable -javaagent:c:\Users\phant\.vscode\extensions\redhat.java-1.51.0-win32-x64\lombok\lombok-1.18.39-4050.jar -XX:+HeapDumpOnOutOfMemoryError -XX:HeapDumpPath=c:\Users\phant\AppData\Roaming\Code\User\workspaceStorage\2e78642c284de59ea0d73529c2f9388b\redhat.java -Daether.dependencyCollector.impl=bf c:\Users\phant\.vscode\extensions\redhat.java-1.51.0-win32-x64\server\plugins\org.eclipse.equinox.launcher_1.7.100.v20251111-0406.jar -configuration c:\Users\phant\AppData\Roaming\Code\User\globalStorage\redhat.java\1.51.0\config_win -data c:\Users\phant\AppData\Roaming\Code\User\workspaceStorage\2e78642c284de59ea0d73529c2f9388b\redhat.java\jdt_ws --pipe=\\.\pipe\lsp-fc62b608a2fb71bd12f0295a3b207684-sock

Host: Intel(R) Core(TM) i3-5005U CPU @ 2.00GHz, 4 cores, 7G,  Windows 10 , 64 bit Build 19041 (10.0.19041.6807)
Time: Tue Jan 20 19:17:09 2026 India Standard Time elapsed time: 2263.363604 seconds (0d 0h 37m 43s)

---------------  T H R E A D  ---------------

Current thread (0x000001ab5c602b30):  JavaThread "Attach Listener" daemon [_thread_in_vm, id=5472, stack(0x0000006185e00000,0x0000006185f00000) (1024K)]

Stack: [0x0000006185e00000,0x0000006185f00000]
Native frames: (J=compiled Java code, j=interpreted, Vv=VM code, C=native code)
V  [jvm.dll+0x6d6e29]
V  [jvm.dll+0x8b4b76]
V  [jvm.dll+0x8b712e]
V  [jvm.dll+0x8b7813]
V  [jvm.dll+0x283d86]
V  [jvm.dll+0xc1277]
V  [jvm.dll+0x6d76d9]
V  [jvm.dll+0x133466]
V  [jvm.dll+0x3f7ea6]
V  [jvm.dll+0x85e9ad]
V  [jvm.dll+0x6d565d]
C  [ucrtbase.dll+0x21bb2]
C  [KERNEL32.DLL+0x17374]
C  [ntdll.dll+0x4cc91]


---------------  P R O C E S S  ---------------

Threads class SMR info:
_java_thread_list=0x000001ab7b3f1db0, length=30, elements={
0x000001ab5c7124d0, 0x000001ab5c5fcc40, 0x000001ab5c5fe280, 0x000001ab5c6018d0,
0x000001ab5c602b30, 0x000001ab5c605910, 0x000001ab5c606360, 0x000001ab5c607190,
0x000001ab5c67aa10, 0x000001ab780bb9b0, 0x000001ab782714c0, 0x000001ab786b6240,
0x000001ab78826f60, 0x000001ab78605c80, 0x000001ab78217da0, 0x000001ab78a866b0,
0x000001ab78c4cb30, 0x000001ab782b14f0, 0x000001ab782b3c50, 0x000001ab782b42e0,
0x000001ab782b2f30, 0x000001ab7bbc0170, 0x000001ab7bbbf450, 0x000001ab7bbbb2b0,
0x000001ab7bbbd380, 0x000001ab7bbbe730, 0x000001ab7bbc0800, 0x000001ab7bbbbfd0,
0x000001ab7bbbda10, 0x000001ab7bbbc660
}

Java Threads: ( => current thread )
  0x000001ab5c7124d0 JavaThread "main"                              [_thread_blocked, id=6788, stack(0x0000006185700000,0x0000006185800000) (1024K)]
  0x000001ab5c5fcc40 JavaThread "Reference Handler"          daemon [_thread_blocked, id=6972, stack(0x0000006185b00000,0x0000006185c00000) (1024K)]
  0x000001ab5c5fe280 JavaThread "Finalizer"                  daemon [_thread_blocked, id=9116, stack(0x0000006185c00000,0x0000006185d00000) (1024K)]
  0x000001ab5c6018d0 JavaThread "Signal Dispatcher"          daemon [_thread_blocked, id=6992, stack(0x0000006185d00000,0x0000006185e00000) (1024K)]
=>0x000001ab5c602b30 JavaThread "Attach Listener"            daemon [_thread_in_vm, id=5472, stack(0x0000006185e00000,0x0000006185f00000) (1024K)]
  0x000001ab5c605910 JavaThread "Service Thread"             daemon [_thread_blocked, id=3752, stack(0x0000006185f00000,0x0000006186000000) (1024K)]
  0x000001ab5c606360 JavaThread "Monitor Deflation Thread"   daemon [_thread_blocked, id=6324, stack(0x0000006186000000,0x0000006186100000) (1024K)]
  0x000001ab5c607190 JavaThread "C2 CompilerThread0"         daemon [_thread_blocked, id=6188, stack(0x0000006186100000,0x0000006186200000) (1024K)]
  0x000001ab5c67aa10 JavaThread "C1 CompilerThread0"         daemon [_thread_blocked, id=6244, stack(0x0000006186200000,0x0000006186300000) (1024K)]
  0x000001ab780bb9b0 JavaThread "Common-Cleaner"             daemon [_thread_blocked, id=5688, stack(0x0000006186300000,0x0000006186400000) (1024K)]
  0x000001ab782714c0 JavaThread "Notification Thread"        daemon [_thread_blocked, id=7748, stack(0x0000006186400000,0x0000006186500000) (1024K)]
  0x000001ab786b6240 JavaThread "Active Thread: Equinox Container: b8fd2419-a71b-4c71-abe1-767270cdb7f6"        [_thread_blocked, id=3280, stack(0x0000006186800000,0x0000006186900000) (1024K)]
  0x000001ab78826f60 JavaThread "Refresh Thread: Equinox Container: b8fd2419-a71b-4c71-abe1-767270cdb7f6" daemon [_thread_blocked, id=6872, stack(0x0000006186900000,0x0000006186a00000) (1024K)]
  0x000001ab78605c80 JavaThread "Framework Event Dispatcher: Equinox Container: b8fd2419-a71b-4c71-abe1-767270cdb7f6" daemon [_thread_blocked, id=9268, stack(0x0000006186a00000,0x0000006186b00000) (1024K)]
  0x000001ab78217da0 JavaThread "Start Level: Equinox Container: b8fd2419-a71b-4c71-abe1-767270cdb7f6" daemon [_thread_blocked, id=3816, stack(0x0000006186b00000,0x0000006186c00000) (1024K)]
  0x000001ab78a866b0 JavaThread "Bundle File Closer"         daemon [_thread_blocked, id=8700, stack(0x0000006186d00000,0x0000006186e00000) (1024K)]
  0x000001ab78c4cb30 JavaThread "SCR Component Actor"        daemon [_thread_blocked, id=5172, stack(0x0000006186c00000,0x0000006186d00000) (1024K)]
  0x000001ab782b14f0 JavaThread "Worker-JM"                         [_thread_blocked, id=3552, stack(0x0000006186e00000,0x0000006186f00000) (1024K)]
  0x000001ab782b3c50 JavaThread "JNA Cleaner"                daemon [_thread_blocked, id=7080, stack(0x0000006186f00000,0x0000006187000000) (1024K)]
  0x000001ab782b42e0 JavaThread "Worker-0"                          [_thread_blocked, id=7064, stack(0x0000006187000000,0x0000006187100000) (1024K)]
  0x000001ab782b2f30 JavaThread "Java indexing"              daemon [_thread_blocked, id=2260, stack(0x0000006187400000,0x0000006187500000) (1024K)]
  0x000001ab7bbc0170 JavaThread "Worker-5"                          [_thread_blocked, id=9224, stack(0x0000006187700000,0x0000006187800000) (1024K)]
  0x000001ab7bbbf450 JavaThread "Thread-1"                   daemon [_thread_in_native, id=740, stack(0x0000006187800000,0x0000006187900000) (1024K)]
  0x000001ab7bbbb2b0 JavaThread "Thread-2"                   daemon [_thread_in_native, id=7836, stack(0x0000006187900000,0x0000006187a00000) (1024K)]
  0x000001ab7bbbd380 JavaThread "Thread-3"                   daemon [_thread_in_native, id=5992, stack(0x0000006187a00000,0x0000006187b00000) (1024K)]
  0x000001ab7bbbe730 JavaThread "Thread-4"                   daemon [_thread_in_native, id=3756, stack(0x0000006187b00000,0x0000006187c00000) (1024K)]
  0x000001ab7bbc0800 JavaThread "Thread-5"                   daemon [_thread_in_native, id=8148, stack(0x0000006187c00000,0x0000006187d00000) (1024K)]
  0x000001ab7bbbbfd0 JavaThread "pool-2-thread-1"                   [_thread_blocked, id=1836, stack(0x0000006187d00000,0x0000006187e00000) (1024K)]
  0x000001ab7bbbda10 JavaThread "WorkspaceEventsHandler"            [_thread_blocked, id=5136, stack(0x0000006187300000,0x0000006187400000) (1024K)]
  0x000001ab7bbbc660 JavaThread "pool-1-thread-1"                   [_thread_blocked, id=5696, stack(0x0000006187e00000,0x0000006187f00000) (1024K)]
Total: 30

Other Threads:
  0x000001ab5c7ceff0 VMThread "VM Thread"                           [id=7804, stack(0x0000006185a00000,0x0000006185b00000) (1024K)]
  0x000001ab5c77b910 WatcherThread "VM Periodic Task Thread"        [id=8584, stack(0x0000006185900000,0x0000006185a00000) (1024K)]
  0x000001ab5c72efb0 WorkerThread "GC Thread#0"                     [id=9892, stack(0x0000006185800000,0x0000006185900000) (1024K)]
  0x000001ab785d5690 WorkerThread "GC Thread#1"                     [id=9760, stack(0x0000006186500000,0x0000006186600000) (1024K)]
  0x000001ab785d5a30 WorkerThread "GC Thread#2"                     [id=9096, stack(0x0000006186600000,0x0000006186700000) (1024K)]
  0x000001ab785d5dd0 WorkerThread "GC Thread#3"                     [id=6332, stack(0x0000006186700000,0x0000006186800000) (1024K)]
Total: 6

Threads with active compile tasks:
Total: 0

VM state: not at safepoint (normal execution)

VM Mutex/Monitor currently owned by a thread: None

Heap address: 0x0000000080000000, size: 2048 MB, Compressed Oops mode: 32-bit

CDS archive(s) mapped at: [0x000001ab00000000-0x000001ab00ba0000-0x000001ab00ba0000), size 12189696, SharedBaseAddress: 0x000001ab00000000, ArchiveRelocationMode: 1.
Compressed class space mapped at: 0x000001ab01000000-0x000001ab41000000, reserved size: 1073741824
Narrow klass base: 0x000001ab00000000, Narrow klass shift: 0, Narrow klass range: 0x100000000

GC Precious Log:
 CardTable entry size: 512
 CPUs: 4 total, 4 available
 Memory: 8104M
 Large Page Support: Disabled
 NUMA Support: Disabled
 Compressed Oops: Enabled (32-bit)
 Alignments: Space 512K, Generation 512K, Heap 2M
 Heap Min Capacity: 100M
 Heap Initial Capacity: 100M
 Heap Max Capacity: 2G
 Pre-touch: Disabled
 Parallel Workers: 4

Heap:
 PSYoungGen      total 5120K, used 3857K [0x00000000d5580000, 0x00000000d5e00000, 0x0000000100000000)
  eden space 3072K, 65% used [0x00000000d5580000,0x00000000d5775c90,0x00000000d5880000)
  from space 2048K, 90% used [0x00000000d5880000,0x00000000d5a4e778,0x00000000d5a80000)
  to   space 2560K, 0% used [0x00000000d5b80000,0x00000000d5b80000,0x00000000d5e00000)
 ParOldGen       total 404480K, used 404352K [0x0000000080000000, 0x0000000098b00000, 0x00000000d5580000)
  object space 404480K, 99% used [0x0000000080000000,0x0000000098ae0068,0x0000000098b00000)
 Metaspace       used 57115K, committed 58496K, reserved 1114112K
  class space    used 6168K, committed 6784K, reserved 1048576K

Card table byte_map: [0x000001ab5c0c0000,0x000001ab5c4d0000] _byte_map_base: 0x000001ab5bcc0000

Marking Bits: (ParMarkBitMap*) 0x00007ff80a612460
 Begin Bits: [0x000001ab6ebd0000, 0x000001ab70bd0000)
 End Bits:   [0x000001ab70bd0000, 0x000001ab72bd0000)

Polling page: 0x000001ab5a6d0000

Metaspace:

Usage:
  Non-class:     49.75 MB used.
      Class:      6.02 MB used.
       Both:     55.78 MB used.

Virtual space:
  Non-class space:       64.00 MB reserved,      50.50 MB ( 79%) committed,  1 nodes.
      Class space:        1.00 GB reserved,       6.62 MB ( <1%) committed,  1 nodes.
             Both:        1.06 GB reserved,      57.12 MB (  5%) committed. 

Chunk freelists:
   Non-Class:  13.52 MB
       Class:  9.36 MB
        Both:  22.88 MB

MaxMetaspaceSize: unlimited
CompressedClassSpaceSize: 1.00 GB
Initial GC threshold: 21.00 MB
Current GC threshold: 58.38 MB
CDS: on
 - commit_granule_bytes: 65536.
 - commit_granule_words: 8192.
 - virtual_space_node_default_size: 8388608.
 - enlarge_chunks_in_place: 1.
 - use_allocation_guard: 0.


Internal statistics:

num_allocs_failed_limit: 8.
num_arena_births: 1086.
num_arena_deaths: 14.
num_vsnodes_births: 2.
num_vsnodes_deaths: 0.
num_space_committed: 914.
num_space_uncommitted: 0.
num_chunks_returned_to_freelist: 22.
num_chunks_taken_from_freelist: 3778.
num_chunk_merges: 13.
num_chunk_splits: 2314.
num_chunks_enlarged: 1274.
num_inconsistent_stats: 0.

CodeHeap 'non-profiled nmethods': size=120000Kb used=7571Kb max_used=7571Kb free=112428Kb
 bounds [0x000001ab673f0000, 0x000001ab67b60000, 0x000001ab6e920000]
CodeHeap 'profiled nmethods': size=120000Kb used=18059Kb max_used=18059Kb free=101940Kb
 bounds [0x000001ab5f920000, 0x000001ab60ad0000, 0x000001ab66e50000]
CodeHeap 'non-nmethods': size=5760Kb used=1408Kb max_used=1464Kb free=4351Kb
 bounds [0x000001ab66e50000, 0x000001ab670c0000, 0x000001ab673f0000]
CodeCache: size=245760Kb, used=27038Kb, max_used=27094Kb, free=218719Kb
 total_blobs=8752, nmethods=8031, adapters=627, full_count=0
Compilation: enabled, stopped_count=0, restarted_count=0

Compilation events (20 events):
Event: 2092.664 Thread 0x000001ab5c67aa10 8636   !   3       java.util.concurrent.ScheduledThreadPoolExecutor$DelayedWorkQueue::take (203 bytes)
Event: 2092.665 Thread 0x000001ab5c67aa10 nmethod 8636 0x000001ab60ab9090 code [0x000001ab60ab9440, 0x000001ab60abacc0]
Event: 2102.664 Thread 0x000001ab5c67aa10 8637   !   3       java.util.concurrent.ScheduledThreadPoolExecutor$DelayedWorkQueue::offer (123 bytes)
Event: 2102.666 Thread 0x000001ab5c67aa10 nmethod 8637 0x000001ab60abb810 code [0x000001ab60abbb20, 0x000001ab60abceb0]
Event: 2112.665 Thread 0x000001ab5c67aa10 8638   !   3       java.util.concurrent.FutureTask::runAndReset (125 bytes)
Event: 2112.671 Thread 0x000001ab5c67aa10 nmethod 8638 0x000001ab60abd710 code [0x000001ab60abdb80, 0x000001ab60ac0118]
Event: 2112.671 Thread 0x000001ab5c67aa10 8639       3       java.util.concurrent.ScheduledThreadPoolExecutor$ScheduledFutureTask::setNextRunTime (38 bytes)
Event: 2112.671 Thread 0x000001ab5c67aa10 nmethod 8639 0x000001ab60ac0c90 code [0x000001ab60ac0e40, 0x000001ab60ac10d0]
Event: 2112.671 Thread 0x000001ab5c67aa10 8640       3       java.util.concurrent.ScheduledThreadPoolExecutor::reExecutePeriodic (49 bytes)
Event: 2112.672 Thread 0x000001ab5c67aa10 nmethod 8640 0x000001ab60ac1190 code [0x000001ab60ac13c0, 0x000001ab60ac1b40]
Event: 2122.591 Thread 0x000001ab5c67aa10 8641       1       org.eclipse.core.internal.jobs.InternalJob::setWaitQueueStamp (6 bytes)
Event: 2122.591 Thread 0x000001ab5c67aa10 nmethod 8641 0x000001ab67b54790 code [0x000001ab67b54920, 0x000001ab67b549e8]
Event: 2122.591 Thread 0x000001ab5c67aa10 8642       3       org.eclipse.core.internal.resources.ResourceInfo::shareStrings (43 bytes)
Event: 2122.592 Thread 0x000001ab5c67aa10 nmethod 8642 0x000001ab60ac1d90 code [0x000001ab60ac1f60, 0x000001ab60ac21e0]
Event: 2122.592 Thread 0x000001ab5c67aa10 8643       3       org.eclipse.core.internal.dtree.AbstractDataTreeNode::storeStrings (42 bytes)
Event: 2122.593 Thread 0x000001ab5c67aa10 nmethod 8643 0x000001ab60ac2310 code [0x000001ab60ac24e0, 0x000001ab60ac2858]
Event: 2236.287 Thread 0x000001ab5c67aa10 8644       3       java.lang.Module::getClassLoader (20 bytes)
Event: 2236.287 Thread 0x000001ab5c67aa10 nmethod 8644 0x000001ab60ac2a10 code [0x000001ab60ac2bc0, 0x000001ab60ac2db8]
Event: 2261.890 Thread 0x000001ab5c67aa10 8645       1       org.eclipse.osgi.internal.framework.EquinoxContainer::getStorage (5 bytes)
Event: 2261.890 Thread 0x000001ab5c67aa10 nmethod 8645 0x000001ab67b54a90 code [0x000001ab67b54c20, 0x000001ab67b54ce8]

GC Heap History (20 events):
Event: 99.242 GC heap before
{Heap before GC invocations=432 (full 2):
 PSYoungGen      total 2560K, used 2112K [0x00000000d5580000, 0x00000000d5a80000, 0x0000000100000000)
  eden space 1024K, 100% used [0x00000000d5580000,0x00000000d5680000,0x00000000d5680000)
  from space 1536K, 70% used [0x00000000d5680000,0x00000000d5790000,0x00000000d5800000)
  to   space 2048K, 0% used [0x00000000d5880000,0x00000000d5880000,0x00000000d5a80000)
 ParOldGen       total 390656K, used 390306K [0x0000000080000000, 0x0000000097d80000, 0x00000000d5580000)
  object space 390656K, 99% used [0x0000000080000000,0x0000000097d28bb0,0x0000000097d80000)
 Metaspace       used 56623K, committed 58048K, reserved 1114112K
  class space    used 6122K, committed 6720K, reserved 1048576K
}
Event: 99.249 GC heap after
{Heap after GC invocations=432 (full 2):
 PSYoungGen      total 3072K, used 1088K [0x00000000d5580000, 0x00000000d5a00000, 0x0000000100000000)
  eden space 1536K, 0% used [0x00000000d5580000,0x00000000d5580000,0x00000000d5700000)
  from space 1536K, 70% used [0x00000000d5880000,0x00000000d5990000,0x00000000d5a00000)
  to   space 1536K, 0% used [0x00000000d5700000,0x00000000d5700000,0x00000000d5880000)
 ParOldGen       total 391680K, used 391330K [0x0000000080000000, 0x0000000097e80000, 0x00000000d5580000)
  object space 391680K, 99% used [0x0000000080000000,0x0000000097e28bb0,0x0000000097e80000)
 Metaspace       used 56623K, committed 58048K, reserved 1114112K
  class space    used 6122K, committed 6720K, reserved 1048576K
}
Event: 99.268 GC heap before
{Heap before GC invocations=433 (full 2):
 PSYoungGen      total 3072K, used 2624K [0x00000000d5580000, 0x00000000d5a00000, 0x0000000100000000)
  eden space 1536K, 100% used [0x00000000d5580000,0x00000000d5700000,0x00000000d5700000)
  from space 1536K, 70% used [0x00000000d5880000,0x00000000d5990000,0x00000000d5a00000)
  to   space 1536K, 0% used [0x00000000d5700000,0x00000000d5700000,0x00000000d5880000)
 ParOldGen       total 391680K, used 391330K [0x0000000080000000, 0x0000000097e80000, 0x00000000d5580000)
  object space 391680K, 99% used [0x0000000080000000,0x0000000097e28bb0,0x0000000097e80000)
 Metaspace       used 56623K, committed 58048K, reserved 1114112K
  class space    used 6122K, committed 6720K, reserved 1048576K
}
Event: 99.274 GC heap after
{Heap after GC invocations=433 (full 2):
 PSYoungGen      total 3072K, used 1536K [0x00000000d5580000, 0x00000000d5d80000, 0x0000000100000000)
  eden space 1536K, 0% used [0x00000000d5580000,0x00000000d5580000,0x00000000d5700000)
  from space 1536K, 100% used [0x00000000d5700000,0x00000000d5880000,0x00000000d5880000)
  to   space 3072K, 0% used [0x00000000d5a80000,0x00000000d5a80000,0x00000000d5d80000)
 ParOldGen       total 392704K, used 392346K [0x0000000080000000, 0x0000000097f80000, 0x00000000d5580000)
  object space 392704K, 99% used [0x0000000080000000,0x0000000097f26bb0,0x0000000097f80000)
 Metaspace       used 56623K, committed 58048K, reserved 1114112K
  class space    used 6122K, committed 6720K, reserved 1048576K
}
Event: 99.289 GC heap before
{Heap before GC invocations=434 (full 2):
 PSYoungGen      total 3072K, used 3066K [0x00000000d5580000, 0x00000000d5d80000, 0x0000000100000000)
  eden space 1536K, 99% used [0x00000000d5580000,0x00000000d56feb18,0x00000000d5700000)
  from space 1536K, 100% used [0x00000000d5700000,0x00000000d5880000,0x00000000d5880000)
  to   space 3072K, 0% used [0x00000000d5a80000,0x00000000d5a80000,0x00000000d5d80000)
 ParOldGen       total 392704K, used 392346K [0x0000000080000000, 0x0000000097f80000, 0x00000000d5580000)
  object space 392704K, 99% used [0x0000000080000000,0x0000000097f26bb0,0x0000000097f80000)
 Metaspace       used 56623K, committed 58048K, reserved 1114112K
  class space    used 6122K, committed 6720K, reserved 1048576K
}
Event: 99.298 GC heap after
{Heap after GC invocations=434 (full 2):
 PSYoungGen      total 4096K, used 1595K [0x00000000d5580000, 0x00000000d5c80000, 0x0000000100000000)
  eden space 2048K, 0% used [0x00000000d5580000,0x00000000d5580000,0x00000000d5780000)
  from space 2048K, 77% used [0x00000000d5a80000,0x00000000d5c0ee58,0x00000000d5c80000)
  to   space 2048K, 0% used [0x00000000d5880000,0x00000000d5880000,0x00000000d5a80000)
 ParOldGen       total 394240K, used 393882K [0x0000000080000000, 0x0000000098100000, 0x00000000d5580000)
  object space 394240K, 99% used [0x0000000080000000,0x00000000980a6bb0,0x0000000098100000)
 Metaspace       used 56623K, committed 58048K, reserved 1114112K
  class space    used 6122K, committed 6720K, reserved 1048576K
}
Event: 99.322 GC heap before
{Heap before GC invocations=435 (full 2):
 PSYoungGen      total 4096K, used 3643K [0x00000000d5580000, 0x00000000d5c80000, 0x0000000100000000)
  eden space 2048K, 100% used [0x00000000d5580000,0x00000000d5780000,0x00000000d5780000)
  from space 2048K, 77% used [0x00000000d5a80000,0x00000000d5c0ee58,0x00000000d5c80000)
  to   space 2048K, 0% used [0x00000000d5880000,0x00000000d5880000,0x00000000d5a80000)
 ParOldGen       total 394240K, used 393882K [0x0000000080000000, 0x0000000098100000, 0x00000000d5580000)
  object space 394240K, 99% used [0x0000000080000000,0x00000000980a6bb0,0x0000000098100000)
 Metaspace       used 56630K, committed 58048K, reserved 1114112K
  class space    used 6122K, committed 6720K, reserved 1048576K
}
Event: 99.328 GC heap after
{Heap after GC invocations=435 (full 2):
 PSYoungGen      total 4608K, used 2034K [0x00000000d5580000, 0x00000000d6000000, 0x0000000100000000)
  eden space 2560K, 0% used [0x00000000d5580000,0x00000000d5580000,0x00000000d5800000)
  from space 2048K, 99% used [0x00000000d5880000,0x00000000d5a7cba0,0x00000000d5a80000)
  to   space 4096K, 0% used [0x00000000d5c00000,0x00000000d5c00000,0x00000000d6000000)
 ParOldGen       total 395776K, used 395450K [0x0000000080000000, 0x0000000098280000, 0x00000000d5580000)
  object space 395776K, 99% used [0x0000000080000000,0x000000009822e8b8,0x0000000098280000)
 Metaspace       used 56630K, committed 58048K, reserved 1114112K
  class space    used 6122K, committed 6720K, reserved 1048576K
}
Event: 99.374 GC heap before
{Heap before GC invocations=436 (full 2):
 PSYoungGen      total 4608K, used 4594K [0x00000000d5580000, 0x00000000d6000000, 0x0000000100000000)
  eden space 2560K, 100% used [0x00000000d5580000,0x00000000d5800000,0x00000000d5800000)
  from space 2048K, 99% used [0x00000000d5880000,0x00000000d5a7cba0,0x00000000d5a80000)
  to   space 4096K, 0% used [0x00000000d5c00000,0x00000000d5c00000,0x00000000d6000000)
 ParOldGen       total 395776K, used 395450K [0x0000000080000000, 0x0000000098280000, 0x00000000d5580000)
  object space 395776K, 99% used [0x0000000080000000,0x000000009822e8b8,0x0000000098280000)
 Metaspace       used 56647K, committed 58048K, reserved 1114112K
  class space    used 6122K, committed 6720K, reserved 1048576K
}
Event: 99.378 GC heap after
{Heap after GC invocations=436 (full 2):
 PSYoungGen      total 5632K, used 2178K [0x00000000d5580000, 0x00000000d5e80000, 0x0000000100000000)
  eden space 3072K, 0% used [0x00000000d5580000,0x00000000d5580000,0x00000000d5880000)
  from space 2560K, 85% used [0x00000000d5c00000,0x00000000d5e209d0,0x00000000d5e80000)
  to   space 3072K, 0% used [0x00000000d5880000,0x00000000d5880000,0x00000000d5b80000)
 ParOldGen       total 395776K, used 395573K [0x0000000080000000, 0x0000000098280000, 0x00000000d5580000)
  object space 395776K, 99% used [0x0000000080000000,0x000000009824d540,0x0000000098280000)
 Metaspace       used 56647K, committed 58048K, reserved 1114112K
  class space    used 6122K, committed 6720K, reserved 1048576K
}
Event: 99.464 GC heap before
{Heap before GC invocations=437 (full 2):
 PSYoungGen      total 5632K, used 5250K [0x00000000d5580000, 0x00000000d5e80000, 0x0000000100000000)
  eden space 3072K, 100% used [0x00000000d5580000,0x00000000d5880000,0x00000000d5880000)
  from space 2560K, 85% used [0x00000000d5c00000,0x00000000d5e209d0,0x00000000d5e80000)
  to   space 3072K, 0% used [0x00000000d5880000,0x00000000d5880000,0x00000000d5b80000)
 ParOldGen       total 395776K, used 395573K [0x0000000080000000, 0x0000000098280000, 0x00000000d5580000)
  object space 395776K, 99% used [0x0000000080000000,0x000000009824d540,0x0000000098280000)
 Metaspace       used 56647K, committed 58048K, reserved 1114112K
  class space    used 6122K, committed 6720K, reserved 1048576K
}
Event: 99.470 GC heap after
{Heap after GC invocations=437 (full 2):
 PSYoungGen      total 6144K, used 3049K [0x00000000d5580000, 0x00000000d6480000, 0x0000000100000000)
  eden space 3072K, 0% used [0x00000000d5580000,0x00000000d5580000,0x00000000d5880000)
  from space 3072K, 99% used [0x00000000d5880000,0x00000000d5b7a550,0x00000000d5b80000)
  to   space 6144K, 0% used [0x00000000d5e80000,0x00000000d5e80000,0x00000000d6480000)
 ParOldGen       total 398336K, used 397878K [0x0000000080000000, 0x0000000098500000, 0x00000000d5580000)
  object space 398336K, 99% used [0x0000000080000000,0x000000009848db28,0x0000000098500000)
 Metaspace       used 56647K, committed 58048K, reserved 1114112K
  class space    used 6122K, committed 6720K, reserved 1048576K
}
Event: 99.564 GC heap before
{Heap before GC invocations=438 (full 2):
 PSYoungGen      total 6144K, used 6121K [0x00000000d5580000, 0x00000000d6480000, 0x0000000100000000)
  eden space 3072K, 100% used [0x00000000d5580000,0x00000000d5880000,0x00000000d5880000)
  from space 3072K, 99% used [0x00000000d5880000,0x00000000d5b7a550,0x00000000d5b80000)
  to   space 6144K, 0% used [0x00000000d5e80000,0x00000000d5e80000,0x00000000d6480000)
 ParOldGen       total 398336K, used 397878K [0x0000000080000000, 0x0000000098500000, 0x00000000d5580000)
  object space 398336K, 99% used [0x0000000080000000,0x000000009848db28,0x0000000098500000)
 Metaspace       used 56659K, committed 58048K, reserved 1114112K
  class space    used 6124K, committed 6720K, reserved 1048576K
}
Event: 99.575 GC heap after
{Heap after GC invocations=438 (full 2):
 PSYoungGen      total 4608K, used 1388K [0x00000000d5580000, 0x00000000d6000000, 0x0000000100000000)
  eden space 3072K, 0% used [0x00000000d5580000,0x00000000d5580000,0x00000000d5880000)
  from space 1536K, 90% used [0x00000000d5e80000,0x00000000d5fdb2c8,0x00000000d6000000)
  to   space 3072K, 0% used [0x00000000d5a00000,0x00000000d5a00000,0x00000000d5d00000)
 ParOldGen       total 400384K, used 400184K [0x0000000080000000, 0x0000000098700000, 0x00000000d5580000)
  object space 400384K, 99% used [0x0000000080000000,0x00000000986ce1b0,0x0000000098700000)
 Metaspace       used 56659K, committed 58048K, reserved 1114112K
  class space    used 6124K, committed 6720K, reserved 1048576K
}
Event: 99.681 GC heap before
{Heap before GC invocations=439 (full 2):
 PSYoungGen      total 4608K, used 4460K [0x00000000d5580000, 0x00000000d6000000, 0x0000000100000000)
  eden space 3072K, 100% used [0x00000000d5580000,0x00000000d5880000,0x00000000d5880000)
  from space 1536K, 90% used [0x00000000d5e80000,0x00000000d5fdb2c8,0x00000000d6000000)
  to   space 3072K, 0% used [0x00000000d5a00000,0x00000000d5a00000,0x00000000d5d00000)
 ParOldGen       total 400384K, used 400184K [0x0000000080000000, 0x0000000098700000, 0x00000000d5580000)
  object space 400384K, 99% used [0x0000000080000000,0x00000000986ce1b0,0x0000000098700000)
 Metaspace       used 56672K, committed 58048K, reserved 1114112K
  class space    used 6124K, committed 6720K, reserved 1048576K
}
Event: 99.688 GC heap after
{Heap after GC invocations=439 (full 2):
 PSYoungGen      total 6144K, used 1202K [0x00000000d5580000, 0x00000000d5f00000, 0x0000000100000000)
  eden space 3072K, 0% used [0x00000000d5580000,0x00000000d5580000,0x00000000d5880000)
  from space 3072K, 39% used [0x00000000d5a00000,0x00000000d5b2c818,0x00000000d5d00000)
  to   space 1536K, 0% used [0x00000000d5d80000,0x00000000d5d80000,0x00000000d5f00000)
 ParOldGen       total 401408K, used 401301K [0x0000000080000000, 0x0000000098800000, 0x00000000d5580000)
  object space 401408K, 99% used [0x0000000080000000,0x00000000987e5470,0x0000000098800000)
 Metaspace       used 56672K, committed 58048K, reserved 1114112K
  class space    used 6124K, committed 6720K, reserved 1048576K
}
Event: 99.790 GC heap before
{Heap before GC invocations=440 (full 2):
 PSYoungGen      total 6144K, used 4274K [0x00000000d5580000, 0x00000000d5f00000, 0x0000000100000000)
  eden space 3072K, 100% used [0x00000000d5580000,0x00000000d5880000,0x00000000d5880000)
  from space 3072K, 39% used [0x00000000d5a00000,0x00000000d5b2c818,0x00000000d5d00000)
  to   space 1536K, 0% used [0x00000000d5d80000,0x00000000d5d80000,0x00000000d5f00000)
 ParOldGen       total 401408K, used 401301K [0x0000000080000000, 0x0000000098800000, 0x00000000d5580000)
  object space 401408K, 99% used [0x0000000080000000,0x00000000987e5470,0x0000000098800000)
 Metaspace       used 56768K, committed 58112K, reserved 1114112K
  class space    used 6144K, committed 6720K, reserved 1048576K
}
Event: 99.801 GC heap after
{Heap after GC invocations=440 (full 2):
 PSYoungGen      total 4608K, used 1516K [0x00000000d5580000, 0x00000000d5f80000, 0x0000000100000000)
  eden space 3072K, 0% used [0x00000000d5580000,0x00000000d5580000,0x00000000d5880000)
  from space 1536K, 98% used [0x00000000d5d80000,0x00000000d5efb010,0x00000000d5f00000)
  to   space 3584K, 0% used [0x00000000d5880000,0x00000000d5880000,0x00000000d5c00000)
 ParOldGen       total 402944K, used 402821K [0x0000000080000000, 0x0000000098980000, 0x00000000d5580000)
  object space 402944K, 99% used [0x0000000080000000,0x0000000098961600,0x0000000098980000)
 Metaspace       used 56768K, committed 58112K, reserved 1114112K
  class space    used 6144K, committed 6720K, reserved 1048576K
}
Event: 99.905 GC heap before
{Heap before GC invocations=441 (full 2):
 PSYoungGen      total 4608K, used 4588K [0x00000000d5580000, 0x00000000d5f80000, 0x0000000100000000)
  eden space 3072K, 100% used [0x00000000d5580000,0x00000000d5880000,0x00000000d5880000)
  from space 1536K, 98% used [0x00000000d5d80000,0x00000000d5efb010,0x00000000d5f00000)
  to   space 3584K, 0% used [0x00000000d5880000,0x00000000d5880000,0x00000000d5c00000)
 ParOldGen       total 402944K, used 402821K [0x0000000080000000, 0x0000000098980000, 0x00000000d5580000)
  object space 402944K, 99% used [0x0000000080000000,0x0000000098961600,0x0000000098980000)
 Metaspace       used 56940K, committed 58368K, reserved 1114112K
  class space    used 6157K, committed 6784K, reserved 1048576K
}
Event: 99.912 GC heap after
{Heap after GC invocations=441 (full 2):
 PSYoungGen      total 5120K, used 1849K [0x00000000d5580000, 0x00000000d5e00000, 0x0000000100000000)
  eden space 3072K, 0% used [0x00000000d5580000,0x00000000d5580000,0x00000000d5880000)
  from space 2048K, 90% used [0x00000000d5880000,0x00000000d5a4e778,0x00000000d5a80000)
  to   space 2560K, 0% used [0x00000000d5b80000,0x00000000d5b80000,0x00000000d5e00000)
 ParOldGen       total 404480K, used 404352K [0x0000000080000000, 0x0000000098b00000, 0x00000000d5580000)
  object space 404480K, 99% used [0x0000000080000000,0x0000000098ae0068,0x0000000098b00000)
 Metaspace       used 56940K, committed 58368K, reserved 1114112K
  class space    used 6157K, committed 6784K, reserved 1048576K
}

Dll operation events (10 events):
Event: 0.033 Loaded shared library c:\Users\phant\.vscode\extensions\redhat.java-1.51.0-win32-x64\jre\21.0.9-win32-x86_64\bin\java.dll
Event: 0.887 Loaded shared library c:\Users\phant\.vscode\extensions\redhat.java-1.51.0-win32-x64\jre\21.0.9-win32-x86_64\bin\zip.dll
Event: 1.057 Loaded shared library C:\Users\phant\.vscode\extensions\redhat.java-1.51.0-win32-x64\jre\21.0.9-win32-x86_64\bin\instrument.dll
Event: 1.172 Loaded shared library C:\Users\phant\.vscode\extensions\redhat.java-1.51.0-win32-x64\jre\21.0.9-win32-x86_64\bin\net.dll
Event: 1.186 Loaded shared library C:\Users\phant\.vscode\extensions\redhat.java-1.51.0-win32-x64\jre\21.0.9-win32-x86_64\bin\nio.dll
Event: 1.195 Loaded shared library C:\Users\phant\.vscode\extensions\redhat.java-1.51.0-win32-x64\jre\21.0.9-win32-x86_64\bin\zip.dll
Event: 1.323 Loaded shared library C:\Users\phant\.vscode\extensions\redhat.java-1.51.0-win32-x64\jre\21.0.9-win32-x86_64\bin\jimage.dll
Event: 2.008 Loaded shared library c:\Users\phant\.vscode\extensions\redhat.java-1.51.0-win32-x64\jre\21.0.9-win32-x86_64\bin\verify.dll
Event: 10.145 Loaded shared library C:\Users\phant\AppData\Roaming\Code\User\globalStorage\redhat.java\1.51.0\config_win\org.eclipse.equinox.launcher\org.eclipse.equinox.launcher.win32.win32.x86_64_1.2.1400.v20250801-0854\eclipse_11916.dll
Event: 20.665 Loaded shared library C:\Users\phant\AppData\Local\Temp\jna-106629359\jna30158746645076751.dll

Deoptimization events (20 events):
Event: 99.839 Thread 0x000001ab7bbc0e90 DEOPT PACKING pc=0x000001ab677cfdf8 sp=0x00000061856fe5e0
Event: 99.839 Thread 0x000001ab7bbc0e90 DEOPT UNPACKING pc=0x000001ab66ea3aa2 sp=0x00000061856fe558 mode 2
Event: 99.850 Thread 0x000001ab7bbc0e90 Uncommon trap: trap_request=0xffffffdc fr.pc=0x000001ab679c1e74 relative=0x00000000000002b4
Event: 99.850 Thread 0x000001ab7bbc0e90 Uncommon trap: reason=class_check action=make_not_entrant pc=0x000001ab679c1e74 method=java.util.ArrayList.toArray([Ljava/lang/Object;)[Ljava/lang/Object; @ 21 c2
Event: 99.850 Thread 0x000001ab7bbc0e90 DEOPT PACKING pc=0x000001ab679c1e74 sp=0x00000061856fe510
Event: 99.850 Thread 0x000001ab7bbc0e90 DEOPT UNPACKING pc=0x000001ab66ea3aa2 sp=0x00000061856fe4e0 mode 2
Event: 99.868 Thread 0x000001ab7bbc0e90 Uncommon trap: trap_request=0xffffffcc fr.pc=0x000001ab67b22638 relative=0x0000000000001898
Event: 99.868 Thread 0x000001ab7bbc0e90 Uncommon trap: reason=intrinsic_or_type_checked_inlining action=make_not_entrant pc=0x000001ab67b22638 method=java.util.ArrayList$SubList.toArray([Ljava/lang/Object;)[Ljava/lang/Object; @ 58 c2
Event: 99.868 Thread 0x000001ab7bbc0e90 DEOPT PACKING pc=0x000001ab67b22638 sp=0x00000061856fe150
Event: 99.868 Thread 0x000001ab7bbc0e90 DEOPT UNPACKING pc=0x000001ab66ea3aa2 sp=0x00000061856fe078 mode 2
Event: 99.915 Thread 0x000001ab7bbbccf0 Uncommon trap: trap_request=0xffffff45 fr.pc=0x000001ab67b279e0 relative=0x00000000000005c0
Event: 99.915 Thread 0x000001ab7bbbccf0 Uncommon trap: reason=unstable_if action=reinterpret pc=0x000001ab67b279e0 method=org.eclipse.jdt.internal.core.index.DiskIndex.addQueryResult(Lorg/eclipse/jdt/internal/compiler/util/HashtableOfObject;[CLjava/lang/Object;Lorg/eclipse/jdt/internal/core/ind
Event: 99.915 Thread 0x000001ab7bbbccf0 DEOPT PACKING pc=0x000001ab67b279e0 sp=0x0000006187ffed00
Event: 99.915 Thread 0x000001ab7bbbccf0 DEOPT UNPACKING pc=0x000001ab66ea3aa2 sp=0x0000006187ffec50 mode 2
Event: 99.917 Thread 0x000001ab7bbbccf0 Uncommon trap: trap_request=0xffffff45 fr.pc=0x000001ab67b3ff34 relative=0x0000000000000e94
Event: 99.917 Thread 0x000001ab7bbbccf0 Uncommon trap: reason=unstable_if action=reinterpret pc=0x000001ab67b3ff34 method=org.eclipse.jdt.internal.core.index.DiskIndex.readStreamChars(Ljava/io/InputStream;)[C @ 1 c2
Event: 99.917 Thread 0x000001ab7bbbccf0 DEOPT PACKING pc=0x000001ab67b3ff34 sp=0x0000006187ffec60
Event: 99.917 Thread 0x000001ab7bbbccf0 DEOPT UNPACKING pc=0x000001ab66ea3aa2 sp=0x0000006187ffebd8 mode 2
Event: 99.999 Thread 0x000001ab7bbc0e90 DEOPT PACKING pc=0x000001ab606c9c20 sp=0x00000061856fe580
Event: 99.999 Thread 0x000001ab7bbc0e90 DEOPT UNPACKING pc=0x000001ab66ea4242 sp=0x00000061856fda88 mode 3

Classes loaded (20 events):
Event: 98.555 Loading class java/util/stream/ReferencePipeline$4
Event: 98.556 Loading class java/util/stream/ReferencePipeline$4 done
Event: 98.556 Loading class java/util/stream/Nodes$IntFixedNodeBuilder
Event: 98.556 Loading class java/util/stream/Node$Builder$OfInt
Event: 98.557 Loading class java/util/stream/Node$Builder$OfInt done
Event: 98.557 Loading class java/util/stream/Nodes$IntArrayNode
Event: 98.557 Loading class java/util/stream/Nodes$IntArrayNode done
Event: 98.557 Loading class java/util/stream/Nodes$IntFixedNodeBuilder done
Event: 98.557 Loading class java/util/stream/ReferencePipeline$4$1
Event: 98.557 Loading class java/util/stream/ReferencePipeline$4$1 done
Event: 99.696 Loading class java/util/concurrent/CompletableFuture$UniApply
Event: 99.697 Loading class java/util/concurrent/CompletableFuture$UniCompletion
Event: 99.697 Loading class java/util/concurrent/CompletableFuture$UniCompletion done
Event: 99.697 Loading class java/util/concurrent/CompletableFuture$UniApply done
Event: 99.699 Loading class java/util/concurrent/CompletableFuture$UniAccept
Event: 99.699 Loading class java/util/concurrent/CompletableFuture$UniAccept done
Event: 99.699 Loading class java/util/concurrent/CompletableFuture$UniExceptionally
Event: 99.699 Loading class java/util/concurrent/CompletableFuture$UniExceptionally done
Event: 99.704 Loading class java/util/concurrent/ForkJoinTask$AdaptedCallable
Event: 99.704 Loading class java/util/concurrent/ForkJoinTask$AdaptedCallable done

Classes unloaded (7 events):
Event: 31.903 Thread 0x000001ab5c7ceff0 Unloading class 0x000001ab011a9800 'java/lang/invoke/LambdaForm$MH+0x000001ab011a9800'
Event: 31.903 Thread 0x000001ab5c7ceff0 Unloading class 0x000001ab011a9400 'java/lang/invoke/LambdaForm$MH+0x000001ab011a9400'
Event: 31.903 Thread 0x000001ab5c7ceff0 Unloading class 0x000001ab011a9000 'java/lang/invoke/LambdaForm$MH+0x000001ab011a9000'
Event: 31.903 Thread 0x000001ab5c7ceff0 Unloading class 0x000001ab011a8c00 'java/lang/invoke/LambdaForm$MH+0x000001ab011a8c00'
Event: 31.903 Thread 0x000001ab5c7ceff0 Unloading class 0x000001ab011a8800 'java/lang/invoke/LambdaForm$BMH+0x000001ab011a8800'
Event: 31.903 Thread 0x000001ab5c7ceff0 Unloading class 0x000001ab011a8400 'java/lang/invoke/LambdaForm$DMH+0x000001ab011a8400'
Event: 31.903 Thread 0x000001ab5c7ceff0 Unloading class 0x000001ab011a3000 'java/lang/invoke/LambdaForm$DMH+0x000001ab011a3000'

Classes redefined (0 events):
No events

Internal exceptions (20 events):
Event: 99.894 Thread 0x000001ab7bbc0e90 Exception <a 'sun/nio/fs/WindowsException'{0x00000000d5753940}> (0x00000000d5753940) 
thrown [s\src\hotspot\share\prims\jni.cpp, line 520]
Event: 99.896 Thread 0x000001ab7bbc0e90 Exception <a 'sun/nio/fs/WindowsException'{0x00000000d5754cb8}> (0x00000000d5754cb8) 
thrown [s\src\hotspot\share\prims\jni.cpp, line 520]
Event: 99.896 Thread 0x000001ab7bbc0e90 Exception <a 'sun/nio/fs/WindowsException'{0x00000000d57557b8}> (0x00000000d57557b8) 
thrown [s\src\hotspot\share\prims\jni.cpp, line 520]
Event: 99.915 Thread 0x000001ab7bbbedc0 Exception <a 'java/lang/NoSuchMethodError'{0x00000000d55c9a90}: 'java.lang.Object java.lang.invoke.DirectMethodHandle$Holder.invokeStaticInit(java.lang.Object, java.lang.Object, java.lang.Object)'> (0x00000000d55c9a90) 
thrown [s\src\hotspot\share\interpreter\linkResolver.cpp, line 773]
Event: 99.917 Thread 0x000001ab7bbbccf0 Implicit null exception at 0x000001ab67b3f0e3 to 0x000001ab67b3ff20
Event: 99.919 Thread 0x000001ab7bbc0e90 Exception <a 'sun/nio/fs/WindowsException'{0x00000000d55bfd48}> (0x00000000d55bfd48) 
thrown [s\src\hotspot\share\prims\jni.cpp, line 520]
Event: 99.920 Thread 0x000001ab7bbc0e90 Exception <a 'sun/nio/fs/WindowsException'{0x00000000d55c0848}> (0x00000000d55c0848) 
thrown [s\src\hotspot\share\prims\jni.cpp, line 520]
Event: 99.922 Thread 0x000001ab7bbc0e90 Exception <a 'sun/nio/fs/WindowsException'{0x00000000d55c1bb0}> (0x00000000d55c1bb0) 
thrown [s\src\hotspot\share\prims\jni.cpp, line 520]
Event: 99.922 Thread 0x000001ab7bbc0e90 Exception <a 'sun/nio/fs/WindowsException'{0x00000000d55c2490}> (0x00000000d55c2490) 
thrown [s\src\hotspot\share\prims\jni.cpp, line 520]
Event: 99.923 Thread 0x000001ab7bbc0e90 Exception <a 'sun/nio/fs/WindowsException'{0x00000000d55c3808}> (0x00000000d55c3808) 
thrown [s\src\hotspot\share\prims\jni.cpp, line 520]
Event: 99.923 Thread 0x000001ab7bbc0e90 Exception <a 'sun/nio/fs/WindowsException'{0x00000000d55c4308}> (0x00000000d55c4308) 
thrown [s\src\hotspot\share\prims\jni.cpp, line 520]
Event: 99.924 Thread 0x000001ab7bbc0e90 Exception <a 'sun/nio/fs/WindowsException'{0x00000000d55c5570}> (0x00000000d55c5570) 
thrown [s\src\hotspot\share\prims\jni.cpp, line 520]
Event: 99.924 Thread 0x000001ab7bbc0e90 Exception <a 'sun/nio/fs/WindowsException'{0x00000000d55c6070}> (0x00000000d55c6070) 
thrown [s\src\hotspot\share\prims\jni.cpp, line 520]
Event: 99.925 Thread 0x000001ab7bbc0e90 Exception <a 'sun/nio/fs/WindowsException'{0x00000000d5622550}> (0x00000000d5622550) 
thrown [s\src\hotspot\share\prims\jni.cpp, line 520]
Event: 99.926 Thread 0x000001ab7bbc0e90 Exception <a 'sun/nio/fs/WindowsException'{0x00000000d5622e30}> (0x00000000d5622e30) 
thrown [s\src\hotspot\share\prims\jni.cpp, line 520]
Event: 100.000 Thread 0x000001ab7bbbedc0 Exception <a 'sun/nio/fs/WindowsException'{0x00000000d5705fe8}> (0x00000000d5705fe8) 
thrown [s\src\hotspot\share\prims\jni.cpp, line 520]
Event: 100.000 Thread 0x000001ab7bbbedc0 Exception <a 'sun/nio/fs/WindowsException'{0x00000000d5706ae8}> (0x00000000d5706ae8) 
thrown [s\src\hotspot\share\prims\jni.cpp, line 520]
Event: 100.001 Thread 0x000001ab7bbbedc0 Exception <a 'sun/nio/fs/WindowsException'{0x00000000d5708098}> (0x00000000d5708098) 
thrown [s\src\hotspot\share\prims\jni.cpp, line 520]
Event: 100.001 Thread 0x000001ab7bbbedc0 Exception <a 'sun/nio/fs/WindowsException'{0x00000000d5708978}> (0x00000000d5708978) 
thrown [s\src\hotspot\share\prims\jni.cpp, line 520]
Event: 105.969 Thread 0x000001ab7bbbc660 Exception <a 'java/lang/IncompatibleClassChangeError'{0x00000000d57545b0}: Found class java.lang.Object, but interface was expected> (0x00000000d57545b0) 
thrown [s\src\hotspot\share\interpreter\linkResolver.cpp, line 840]

ZGC Phase Switch (0 events):
No events

VM Operations (20 events):
Event: 1623.261 Executing VM operation: RendezvousGCThreads
Event: 1623.261 Executing VM operation: RendezvousGCThreads done
Event: 1683.314 Executing VM operation: HandshakeAllThreads (HandshakeForDeflation)
Event: 1683.314 Executing VM operation: HandshakeAllThreads (HandshakeForDeflation) done
Event: 1683.314 Executing VM operation: RendezvousGCThreads
Event: 1683.314 Executing VM operation: RendezvousGCThreads done
Event: 1863.534 Executing VM operation: HandshakeAllThreads (HandshakeForDeflation)
Event: 1863.534 Executing VM operation: HandshakeAllThreads (HandshakeForDeflation) done
Event: 1863.534 Executing VM operation: RendezvousGCThreads
Event: 1863.534 Executing VM operation: RendezvousGCThreads done
Event: 1923.669 Executing VM operation: HandshakeAllThreads (HandshakeForDeflation)
Event: 1923.669 Executing VM operation: HandshakeAllThreads (HandshakeForDeflation) done
Event: 1923.669 Executing VM operation: RendezvousGCThreads
Event: 1923.669 Executing VM operation: RendezvousGCThreads done
Event: 1983.888 Executing VM operation: HandshakeAllThreads (HandshakeForDeflation)
Event: 1983.889 Executing VM operation: HandshakeAllThreads (HandshakeForDeflation) done
Event: 1983.889 Executing VM operation: RendezvousGCThreads
Event: 1983.889 Executing VM operation: RendezvousGCThreads done
Event: 2123.551 Executing VM operation: Cleanup
Event: 2123.551 Executing VM operation: Cleanup done

Memory protections (0 events):
No events

Nmethod flushes (20 events):
Event: 39.679 Thread 0x000001ab5c7ceff0 flushing  nmethod 0x000001ab5ffa7990
Event: 39.679 Thread 0x000001ab5c7ceff0 flushing  nmethod 0x000001ab5ffa8e10
Event: 39.679 Thread 0x000001ab5c7ceff0 flushing  nmethod 0x000001ab5ffa9710
Event: 39.679 Thread 0x000001ab5c7ceff0 flushing  nmethod 0x000001ab5ffaa910
Event: 39.679 Thread 0x000001ab5c7ceff0 flushing  nmethod 0x000001ab5ffab110
Event: 39.679 Thread 0x000001ab5c7ceff0 flushing  nmethod 0x000001ab5ffab890
Event: 39.679 Thread 0x000001ab5c7ceff0 flushing  nmethod 0x000001ab5fface10
Event: 39.679 Thread 0x000001ab5c7ceff0 flushing  nmethod 0x000001ab5ffad310
Event: 39.679 Thread 0x000001ab5c7ceff0 flushing  nmethod 0x000001ab5ffae790
Event: 39.679 Thread 0x000001ab5c7ceff0 flushing  nmethod 0x000001ab5ffaf510
Event: 39.679 Thread 0x000001ab5c7ceff0 flushing  nmethod 0x000001ab5ffb1910
Event: 39.679 Thread 0x000001ab5c7ceff0 flushing  nmethod 0x000001ab5ffb1c10
Event: 39.679 Thread 0x000001ab5c7ceff0 flushing  nmethod 0x000001ab60012110
Event: 39.679 Thread 0x000001ab5c7ceff0 flushing  nmethod 0x000001ab60013410
Event: 39.679 Thread 0x000001ab5c7ceff0 flushing  nmethod 0x000001ab60015f10
Event: 39.679 Thread 0x000001ab5c7ceff0 flushing  nmethod 0x000001ab60021f10
Event: 39.679 Thread 0x000001ab5c7ceff0 flushing  nmethod 0x000001ab60062e10
Event: 39.679 Thread 0x000001ab5c7ceff0 flushing  nmethod 0x000001ab60082290
Event: 39.679 Thread 0x000001ab5c7ceff0 flushing  nmethod 0x000001ab600af890
Event: 39.679 Thread 0x000001ab5c7ceff0 flushing  nmethod 0x000001ab600afd10

Events (20 events):
Event: 77.316 Thread 0x000001ab5c67aa10 Thread added: 0x000001ab7b47e2e0
Event: 80.276 Thread 0x000001ab7b47e2e0 Thread exited: 0x000001ab7b47e2e0
Event: 93.424 Thread 0x000001ab5c607190 Thread added: 0x000001ab7a3b8ac0
Event: 94.100 Thread 0x000001ab7a3b8ac0 Thread exited: 0x000001ab7a3b8ac0
Event: 94.527 Thread 0x000001ab5c67aa10 Thread added: 0x000001ab7a3b8ac0
Event: 97.067 Thread 0x000001ab7a3b8ac0 Thread exited: 0x000001ab7a3b8ac0
Event: 97.161 Thread 0x000001ab5c607190 Thread added: 0x000001ab7a3b8ac0
Event: 97.390 Thread 0x000001ab7a3b8ac0 Thread exited: 0x000001ab7a3b8ac0
Event: 98.098 Thread 0x000001ab5c67aa10 Thread added: 0x000001ab7a3b8ac0
Event: 99.699 Thread 0x000001ab7bbbc660 Thread added: 0x000001ab7bbc0e90
Event: 99.705 Thread 0x000001ab782b1b80 Thread added: 0x000001ab7bbbccf0
Event: 99.710 Thread 0x000001ab7bbbc660 Thread added: 0x000001ab7bbbedc0
Event: 100.141 Thread 0x000001ab7a3b8ac0 Thread exited: 0x000001ab7a3b8ac0
Event: 159.086 Thread 0x000001ab782b0e60 Thread exited: 0x000001ab782b0e60
Event: 159.709 Thread 0x000001ab782b28a0 Thread exited: 0x000001ab782b28a0
Event: 159.963 Thread 0x000001ab782b1b80 Thread exited: 0x000001ab782b1b80
Event: 160.144 Thread 0x000001ab782b35c0 Thread exited: 0x000001ab782b35c0
Event: 160.185 Thread 0x000001ab7bbbedc0 Thread exited: 0x000001ab7bbbedc0
Event: 220.187 Thread 0x000001ab7bbc0e90 Thread exited: 0x000001ab7bbc0e90
Event: 280.195 Thread 0x000001ab7bbbccf0 Thread exited: 0x000001ab7bbbccf0


Dynamic libraries:
0x00007ff767320000 - 0x00007ff76732e000 	c:\Users\phant\.vscode\extensions\redhat.java-1.51.0-win32-x64\jre\21.0.9-win32-x86_64\bin\java.exe
0x00007ff83dd70000 - 0x00007ff83df68000 	C:\Windows\SYSTEM32\ntdll.dll
0x00007ff83c3c0000 - 0x00007ff83c482000 	C:\Windows\System32\KERNEL32.DLL
0x00007ff83b710000 - 0x00007ff83ba07000 	C:\Windows\System32\KERNELBASE.dll
0x00007ff83b3f0000 - 0x00007ff83b4f0000 	C:\Windows\System32\ucrtbase.dll
0x00007ff815860000 - 0x00007ff815878000 	c:\Users\phant\.vscode\extensions\redhat.java-1.51.0-win32-x64\jre\21.0.9-win32-x86_64\bin\jli.dll
0x00007ff83d210000 - 0x00007ff83d3b1000 	C:\Windows\System32\USER32.dll
0x00007ff83b650000 - 0x00007ff83b672000 	C:\Windows\System32\win32u.dll
0x00007ff83c4a0000 - 0x00007ff83c4cb000 	C:\Windows\System32\GDI32.dll
0x00007ff83bab0000 - 0x00007ff83bbc9000 	C:\Windows\System32\gdi32full.dll
0x00007ff83ba10000 - 0x00007ff83baad000 	C:\Windows\System32\msvcp_win.dll
0x00007ff815480000 - 0x00007ff81549e000 	c:\Users\phant\.vscode\extensions\redhat.java-1.51.0-win32-x64\jre\21.0.9-win32-x86_64\bin\VCRUNTIME140.dll
0x00007ff82bc40000 - 0x00007ff82bedb000 	C:\Windows\WinSxS\amd64_microsoft.windows.common-controls_6595b64144ccf1df_6.0.19041.6456_none_60b8a6cb71f64256\COMCTL32.dll
0x00007ff83dbe0000 - 0x00007ff83dc7e000 	C:\Windows\System32\msvcrt.dll
0x00007ff83cbf0000 - 0x00007ff83cc1f000 	C:\Windows\System32\IMM32.DLL
0x00007ff81e190000 - 0x00007ff81e19c000 	c:\Users\phant\.vscode\extensions\redhat.java-1.51.0-win32-x64\jre\21.0.9-win32-x86_64\bin\vcruntime140_1.dll
0x00007ff80a6f0000 - 0x00007ff80a77d000 	c:\Users\phant\.vscode\extensions\redhat.java-1.51.0-win32-x64\jre\21.0.9-win32-x86_64\bin\msvcp140.dll
0x00007ff809950000 - 0x00007ff80a6f0000 	c:\Users\phant\.vscode\extensions\redhat.java-1.51.0-win32-x64\jre\21.0.9-win32-x86_64\bin\server\jvm.dll
0x00007ff83ca10000 - 0x00007ff83cac1000 	C:\Windows\System32\ADVAPI32.dll
0x00007ff83c590000 - 0x00007ff83c62f000 	C:\Windows\System32\sechost.dll
0x00007ff83cad0000 - 0x00007ff83cbf0000 	C:\Windows\System32\RPCRT4.dll
0x00007ff83b5a0000 - 0x00007ff83b5c7000 	C:\Windows\System32\bcrypt.dll
0x00007ff83cfe0000 - 0x00007ff83d04b000 	C:\Windows\System32\WS2_32.dll
0x00007ff83b250000 - 0x00007ff83b29b000 	C:\Windows\SYSTEM32\POWRPROF.dll
0x00007ff831170000 - 0x00007ff831197000 	C:\Windows\SYSTEM32\WINMM.dll
0x00007ff82f680000 - 0x00007ff82f68a000 	C:\Windows\SYSTEM32\VERSION.dll
0x00007ff83b230000 - 0x00007ff83b242000 	C:\Windows\SYSTEM32\UMPDC.dll
0x00007ff839c00000 - 0x00007ff839c12000 	C:\Windows\SYSTEM32\kernel.appcore.dll
0x00007ff81cc80000 - 0x00007ff81cc8a000 	c:\Users\phant\.vscode\extensions\redhat.java-1.51.0-win32-x64\jre\21.0.9-win32-x86_64\bin\jimage.dll
0x00007ff8398b0000 - 0x00007ff839ab1000 	C:\Windows\SYSTEM32\DBGHELP.DLL
0x00007ff826730000 - 0x00007ff826764000 	C:\Windows\SYSTEM32\dbgcore.DLL
0x00007ff83b680000 - 0x00007ff83b702000 	C:\Windows\System32\bcryptPrimitives.dll
0x00007ff81a880000 - 0x00007ff81a88f000 	c:\Users\phant\.vscode\extensions\redhat.java-1.51.0-win32-x64\jre\21.0.9-win32-x86_64\bin\instrument.dll
0x00007ff809930000 - 0x00007ff809950000 	c:\Users\phant\.vscode\extensions\redhat.java-1.51.0-win32-x64\jre\21.0.9-win32-x86_64\bin\java.dll
0x00007ff83d460000 - 0x00007ff83dbd1000 	C:\Windows\System32\SHELL32.dll
0x00007ff839040000 - 0x00007ff8397e6000 	C:\Windows\SYSTEM32\windows.storage.dll
0x00007ff83cc20000 - 0x00007ff83cf73000 	C:\Windows\System32\combase.dll
0x00007ff83ad40000 - 0x00007ff83ad6b000 	C:\Windows\SYSTEM32\Wldp.dll
0x00007ff83c7e0000 - 0x00007ff83c8ad000 	C:\Windows\System32\OLEAUT32.dll
0x00007ff83dc80000 - 0x00007ff83dd2d000 	C:\Windows\System32\SHCORE.dll
0x00007ff83d1b0000 - 0x00007ff83d20b000 	C:\Windows\System32\shlwapi.dll
0x00007ff83b320000 - 0x00007ff83b344000 	C:\Windows\SYSTEM32\profapi.dll
0x00007ff809910000 - 0x00007ff809928000 	c:\Users\phant\.vscode\extensions\redhat.java-1.51.0-win32-x64\jre\21.0.9-win32-x86_64\bin\zip.dll
0x00007ff81a550000 - 0x00007ff81a560000 	C:\Users\phant\.vscode\extensions\redhat.java-1.51.0-win32-x64\jre\21.0.9-win32-x86_64\bin\net.dll
0x00007ff836580000 - 0x00007ff83668a000 	C:\Windows\SYSTEM32\WINHTTP.dll
0x00007ff83aaa0000 - 0x00007ff83ab0a000 	C:\Windows\system32\mswsock.dll
0x00007ff8098f0000 - 0x00007ff809906000 	C:\Users\phant\.vscode\extensions\redhat.java-1.51.0-win32-x64\jre\21.0.9-win32-x86_64\bin\nio.dll
0x00007ff815850000 - 0x00007ff815860000 	c:\Users\phant\.vscode\extensions\redhat.java-1.51.0-win32-x64\jre\21.0.9-win32-x86_64\bin\verify.dll
0x00007ff81e630000 - 0x00007ff81e674000 	C:\Users\phant\AppData\Roaming\Code\User\globalStorage\redhat.java\1.51.0\config_win\org.eclipse.equinox.launcher\org.eclipse.equinox.launcher.win32.win32.x86_64_1.2.1400.v20250801-0854\eclipse_11916.dll
0x00007ff83c8d0000 - 0x00007ff83c9fb000 	C:\Windows\System32\ole32.dll
0x00007ff83aca0000 - 0x00007ff83acb8000 	C:\Windows\SYSTEM32\CRYPTSP.dll
0x00007ff83a3c0000 - 0x00007ff83a3f8000 	C:\Windows\system32\rsaenh.dll
0x00007ff83b2a0000 - 0x00007ff83b2ce000 	C:\Windows\SYSTEM32\USERENV.dll
0x00007ff83ac90000 - 0x00007ff83ac9c000 	C:\Windows\SYSTEM32\CRYPTBASE.dll
0x00007ff83a780000 - 0x00007ff83a7bb000 	C:\Windows\SYSTEM32\IPHLPAPI.DLL
0x00007ff83ca00000 - 0x00007ff83ca08000 	C:\Windows\System32\NSI.dll
0x00007ff815270000 - 0x00007ff8152b9000 	C:\Users\phant\AppData\Local\Temp\jna-106629359\jna30158746645076751.dll
0x00007ff83d3c0000 - 0x00007ff83d3c8000 	C:\Windows\System32\PSAPI.DLL
0x00007ff834790000 - 0x00007ff8347a7000 	C:\Windows\SYSTEM32\dhcpcsvc6.DLL
0x00007ff834980000 - 0x00007ff83499d000 	C:\Windows\SYSTEM32\dhcpcsvc.DLL

JVMTI agents:
c:\Users\phant\.vscode\extensions\redhat.java-1.51.0-win32-x64\lombok\lombok-1.18.39-4050.jar path:c:\Users\phant\.vscode\extensions\redhat.java-1.51.0-win32-x64\jre\21.0.9-win32-x86_64\bin\instrument.dll, loaded, initialized, instrumentlib options:none

dbghelp: loaded successfully - version: 4.0.5 - missing functions: none
symbol engine: initialized successfully - sym options: 0x614 - pdb path: .;c:\Users\phant\.vscode\extensions\redhat.java-1.51.0-win32-x64\jre\21.0.9-win32-x86_64\bin;C:\Windows\SYSTEM32;C:\Windows\WinSxS\amd64_microsoft.windows.common-controls_6595b64144ccf1df_6.0.19041.6456_none_60b8a6cb71f64256;c:\Users\phant\.vscode\extensions\redhat.java-1.51.0-win32-x64\jre\21.0.9-win32-x86_64\bin\server;C:\Users\phant\AppData\Roaming\Code\User\globalStorage\redhat.java\1.51.0\config_win\org.eclipse.equinox.launcher\org.eclipse.equinox.launcher.win32.win32.x86_64_1.2.1400.v20250801-0854;C:\Users\phant\AppData\Local\Temp\jna-106629359

VM Arguments:
jvm_args: --add-modules=ALL-SYSTEM --add-opens=java.base/java.util=ALL-UNNAMED --add-opens=java.base/java.lang=ALL-UNNAMED --add-opens=java.base/sun.nio.fs=ALL-UNNAMED -Declipse.application=org.eclipse.jdt.ls.core.id1 -Dosgi.bundles.defaultStartLevel=4 -Declipse.product=org.eclipse.jdt.ls.core.product -Djava.import.generatesMetadataFilesAtProjectRoot=false -DDetectVMInstallationsJob.disabled=true -Dfile.encoding=utf8 -XX:+UseParallelGC -XX:GCTimeRatio=4 -XX:AdaptiveSizePolicyWeight=90 -Dsun.zip.disableMemoryMapping=true -Xmx2G -Xms100m -Xlog:disable -javaagent:c:\Users\phant\.vscode\extensions\redhat.java-1.51.0-win32-x64\lombok\lombok-1.18.39-4050.jar -XX:+HeapDumpOnOutOfMemoryError -XX:HeapDumpPath=c:\Users\phant\AppData\Roaming\Code\User\workspaceStorage\2e78642c284de59ea0d73529c2f9388b\redhat.java -Daether.dependencyCollector.impl=bf 
java_command: c:\Users\phant\.vscode\extensions\redhat.java-1.51.0-win32-x64\server\plugins\org.eclipse.equinox.launcher_1.7.100.v20251111-0406.jar -configuration c:\Users\phant\AppData\Roaming\Code\User\globalStorage\redhat.java\1.51.0\config_win -data c:\Users\phant\AppData\Roaming\Code\User\workspaceStorage\2e78642c284de59ea0d73529c2f9388b\redhat.java\jdt_ws --pipe=\\.\pipe\lsp-fc62b608a2fb71bd12f0295a3b207684-sock
java_class_path (initial): c:\Users\phant\.vscode\extensions\redhat.java-1.51.0-win32-x64\server\plugins\org.eclipse.equinox.launcher_1.7.100.v20251111-0406.jar
Launcher Type: SUN_STANDARD

[Global flags]
    uintx AdaptiveSizePolicyWeight                 = 90                                        {product} {command line}
     intx CICompilerCount                          = 3                                         {product} {ergonomic}
    uintx GCTimeRatio                              = 4                                         {product} {command line}
     bool HeapDumpOnOutOfMemoryError               = true                                   {manageable} {command line}
    ccstr HeapDumpPath                             = c:\Users\phant\AppData\Roaming\Code\User\workspaceStorage\2e78642c284de59ea0d73529c2f9388b\redhat.java         {manageable} {command line}
   size_t InitialHeapSize                          = 104857600                                 {product} {command line}
   size_t MaxHeapSize                              = 2147483648                                {product} {command line}
   size_t MaxNewSize                               = 715653120                                 {product} {ergonomic}
   size_t MinHeapDeltaBytes                        = 524288                                    {product} {ergonomic}
   size_t MinHeapSize                              = 104857600                                 {product} {command line}
   size_t NewSize                                  = 34603008                                  {product} {ergonomic}
    uintx NonNMethodCodeHeapSize                   = 5832780                                {pd product} {ergonomic}
    uintx NonProfiledCodeHeapSize                  = 122912730                              {pd product} {ergonomic}
   size_t OldSize                                  = 70254592                                  {product} {ergonomic}
    uintx ProfiledCodeHeapSize                     = 122912730                              {pd product} {ergonomic}
    uintx ReservedCodeCacheSize                    = 251658240                              {pd product} {ergonomic}
     bool SegmentedCodeCache                       = true                                      {product} {ergonomic}
   size_t SoftMaxHeapSize                          = 2147483648                             {manageable} {ergonomic}
     bool UseCompressedOops                        = true                           {product lp64_product} {ergonomic}
     bool UseLargePagesIndividualAllocation        = false                                  {pd product} {ergonomic}
     bool UseParallelGC                            = true                                      {product} {command line}

Logging:
Log output configuration:
 #0: stdout all=off uptime,level,tags foldmultilines=false
 #1: stderr all=off uptime,level,tags foldmultilines=false

Release file:
JAVA_VERSION="21.0.9" 
MODULES="java.base java.compiler java.datatransfer java.xml java.prefs java.desktop java.instrument java.logging java.management java.security.sasl java.naming java.rmi java.management.rmi java.net.http java.scripting java.security.jgss java.transaction.xa java.sql java.sql.rowset java.xml.crypto java.se java.smartcardio jdk.accessibility jdk.internal.jvmstat jdk.attach jdk.charsets jdk.internal.opt jdk.zipfs jdk.compiler jdk.crypto.ec jdk.crypto.cryptoki jdk.crypto.mscapi jdk.dynalink jdk.internal.ed jdk.editpad jdk.hotspot.agent jdk.httpserver jdk.internal.le jdk.internal.vm.ci jdk.internal.vm.compiler jdk.internal.vm.compiler.management jdk.jartool jdk.javadoc jdk.jcmd jdk.management jdk.management.agent jdk.jconsole jdk.jdeps jdk.jdwp.agent jdk.jdi jdk.jfr jdk.jshell jdk.jsobject jdk.jstatd jdk.localedata jdk.management.jfr jdk.naming.dns jdk.naming.rmi jdk.net jdk.nio.mapmode jdk.random jdk.sctp jdk.security.auth jdk.security.jgss jdk.unsupported jdk.unsupported.desktop jdk.xml.dom" 

Environment Variables:
JAVA_HOME=C:\Program Files\Java\jdk-24
PATH=C:\Program Files\PowerShell\7;C:\Windows\system32;C:\Windows;C:\Windows\System32\Wbem;C:\Windows\System32\WindowsPowerShell\v1.0\;C:\Windows\System32\OpenSSH\;C:\MinGW\bin;C:\Users\phant\AppData\Local\Programs\Python\Python313\Scripts\;C:\Users\phant\AppData\Local\Programs\Python\Python313\;C:\Program Files\Java\jdk-24\bin;C:\Users\phant\AppData\Local\Microsoft\WindowsApps;C:\Program Files\PowerShell\7\;C:\Program Files\Git\cmd;C:\Program Files\nodejs\;C:\Users\phant\AppData\Local\Programs\Python\Python313\Scripts\;C:\Users\phant\AppData\Local\Programs\Python\Python313\;C:\Users\phant\AppData\Local\Microsoft\WindowsApps;C:\Users\phant\AppData\Local\Programs\Microsoft VS Code\bin;C:\Program Files\Java\jdk-24\bin;C:\MinGW\bin;C:\Users\phant\AppData\Local\Microsoft\WindowsApps;C:\Users\phant\AppData\Roaming\npm;C:\Program Files\JetBrains\IntelliJ IDEA 2025.3.1.1\bin
USERNAME=phant
OS=Windows_NT
PROCESSOR_IDENTIFIER=Intel64 Family 6 Model 61 Stepping 4, GenuineIntel
TMP=C:\Users\phant\AppData\Local\Temp
TEMP=C:\Users\phant\AppData\Local\Temp




Periodic native trim disabled

---------------  S Y S T E M  ---------------

OS:
 Windows 10 , 64 bit Build 19041 (10.0.19041.6807)
OS uptime: 0 days 0:46 hours

CPU: total 4 (initial active 4) (2 cores per cpu, 2 threads per core) family 6 model 61 stepping 4 microcode 0x2d, cx8, cmov, fxsr, ht, mmx, 3dnowpref, sse, sse2, sse3, ssse3, sse4.1, sse4.2, popcnt, lzcnt, tsc, tscinvbit, avx, avx2, aes, erms, clmul, bmi1, bmi2, adx, fma, vzeroupper, clflush, rdtscp, f16c
Processor Information for the first 4 processors :
  Max Mhz: 2000, Current Mhz: 2000, Mhz Limit: 2000

Memory: 4k page, system-wide physical 8104M (242M free)
TotalPageFile size 8121M (AvailPageFile size 0M)
current process WorkingSet (physical memory assigned to process): 650M, peak: 662M
current process commit charge ("private bytes"): 666M, peak: 680M

vm_info: OpenJDK 64-Bit Server VM (21.0.9+10-LTS) for windows-amd64 JRE (21.0.9+10-LTS), built on 2025-10-21T00:00:00Z by "admin" with unknown MS VC++:1942

END.
